
> homechain-scanner@0.1.0 build
> next build

   Γû▓ Next.js 14.1.0
   - Environments: .env.local

   Creating an optimized production build ...
 Γ£ô Compiled successfully
   Linting and checking validity of types ...
   Collecting page data ...
   Generating static pages (0/8) ...

   Generating static pages (2/8) 

   Generating static pages (4/8) 

   Generating static pages (6/8) 

 Γ£ô Generating static pages (8/8) 
   Finalizing page optimization ...
   Collecting build traces ...

Route (app)                              Size     First Load JS
Γöî Γùï /                                    3.66 kB         146 kB
Γö£ Γùï /_not-found                          882 B          85.1 kB
Γö£ ╬╗ /address/[id]                        3.67 kB         146 kB
Γö£ ╬╗ /block/[id]                          3.4 kB          146 kB
Γö£ Γùï /blocks                              2.47 kB         145 kB
Γö£ Γùï /holders                             2.71 kB         145 kB
Γö£ Γùï /stats                               2.45 kB         138 kB
Γö£ Γùï /transactions                        2.43 kB         145 kB
Γöö ╬╗ /tx/[id]                             3.39 kB         146 kB
+ First Load JS shared by all            84.2 kB
  Γö£ chunks/69-4ab18395310823aa.js        28.9 kB
  Γö£ chunks/fd9d1056-8274383bafd9d60d.js  53.4 kB
  Γöö other shared chunks (total)          1.96 kB


Γùï  (Static)   prerendered as static content
╬╗  (Dynamic)  server-rendered on demand using Node.js

